
> landing-consultorio-ln@0.0.1 build
> astro build

[2m22:22:55[22m [34m[content][39m Syncing content
[2m22:22:55[22m [34m[content][39m Synced content
[2m22:22:55[22m [34m[types][39m Generated [2m33ms[22m
[2m22:22:55[22m [34m[build][39m output: [34m"static"[39m
[2m22:22:55[22m [34m[build][39m mode: [34m"static"[39m
[2m22:22:55[22m [34m[build][39m directory: [34mC:\Users\pazen\OneDrive\Documents\FULLSTACK\landing-consultorio-LN\dist\[39m
[2m22:22:55[22m [34m[build][39m Collecting build info...
[2m22:22:55[22m [34m[build][39m [32mÔ£ô Completed in 48ms.[39m
[2m22:22:55[22m [34m[build][39m Building static entrypoints...
[2m22:22:57[22m [34m[vite][39m [32mÔ£ô built in 1.19s[39m
[2m22:22:57[22m [34m[build][39m [32mÔ£ô Completed in 1.22s.[39m

[42m[30m building client (vite) [39m[49m
[2m22:22:57[22m [34m[vite][39m transforming...
[2m22:22:57[22m [34m[vite][39m [32mÔ£ô[39m 2 modules transformed.
[2m22:22:57[22m [34m[vite][39m rendering chunks...
[2m22:22:57[22m [34m[vite][39m [32mÔ£ô built in 21ms[39m

[42m[30m generating static routes [39m[49m
[2m22:22:57[22m [32mÔûÂ[39m src/pages/index.astro
[2m22:22:57[22m   [34mÔööÔöÇ[39m [2m/index.html[22m [2m(+13ms)[22m 
[2m22:22:57[22m [32mÔ£ô Completed in 28ms.
[39m
[42m[30m generating optimized images [39m[49m
node.exe : 
node:internal/process/promises:394
En línea: 1 Carácter: 1
+ & "C:\Program 
Files\nodejs/node.exe" "C:\Program 
Files\nodejs/node_mo ...
+ ~~~~~~~~~~~~~~~~~~~~~~~~~~~~~~~~~~~~
~~~~~~~~~~~~~~~~~~~~~~~~~~~~~~~~~
    + CategoryInfo          : NotSpec 
   ified: (node:internal/process/pro  
  mises:394:String) [], RemoteExcep   
 tion
    + FullyQualifiedErrorId : NativeC 
   ommandError
 
    triggerUncaughtException(err, 
true /* fromPromise */);
    ^

MissingSharp: Could not find Sharp. 
Please install Sharp (`sharp`) 
manually into your project or migrate 
to another image service.
    at loadSharp (file:///C:/Users/paz
en/OneDrive/Documents/FULLSTACK/landin
g-consultorio-LN/dist/chunks/sharp_O5l
c9y_V.mjs:16:11)
    at async Object.transform (file://
/C:/Users/pazen/OneDrive/Documents/FUL
LSTACK/landing-consultorio-LN/dist/chu
nks/sharp_O5lc9y_V.mjs:37:25)
    at async generateImageInternal (fi
le:///C:/Users/pazen/OneDrive/Document
s/FULLSTACK/landing-consultorio-LN/nod
e_modules/.pnpm/astro@5.18.0_jiti@2.6.
1_lig_480db2268c527ae115089bd6f11ce1a7
/node_modules/astro/dist/assets/build/
generate.js:167:26)
    at async generateImage (file:///C:
/Users/pazen/OneDrive/Documents/FULLST
ACK/landing-consultorio-LN/node_module
s/.pnpm/astro@5.18.0_jiti@2.6.1_lig_48
0db2268c527ae115089bd6f11ce1a7/node_mo
dules/astro/dist/assets/build/generate
.js:69:28)
    at async generateImagesForPath (fi
le:///C:/Users/pazen/OneDrive/Document
s/FULLSTACK/landing-consultorio-LN/nod
e_modules/.pnpm/astro@5.18.0_jiti@2.6.
1_lig_480db2268c527ae115089bd6f11ce1a7
/node_modules/astro/dist/assets/build/
generate.js:53:5)
    at async file:///C:/Users/pazen/On
eDrive/Documents/FULLSTACK/landing-con
sultorio-LN/node_modules/.pnpm/p-queue
@8.1.1/node_modules/p-queue/dist/index
.js:230:36 {
  loc: undefined,
  title: 'Could not find Sharp.',
  hint: "See Sharp's installation 
instructions for more information: htt
ps://sharp.pixelplumbing.com/install. 
If you are not relying on 
`astro:assets` to optimize, 
transform, or process any images, you 
can configure a passthrough image 
service instead of installing Sharp. 
See https://docs.astro.build/en/refere
nce/errors/missing-sharp for more 
information.\n" +
    '\n' +
    'See https://docs.astro.build/en/g
uides/images/#default-image-service 
for more information on how to 
migrate to another image service.',
  frame: undefined,
  type: 'AstroError'
}

Node.js v24.13.1
